// Jest Snapshot v1, https://goo.gl/fbAQLP

exports[`App Component should match with the snapshot 1`] = `
<ContextConsumer>
  <Component />
</ContextConsumer>
`;
